2026-08-13 07:10:13.046 +02:00 [INF] MRA EIS POST "https://dev-eis-api.mra.mw/api/v1/utilities/ping"
2026-08-13 07:10:13.406 +02:00 [INF] MRA POST /api/v1/utilities/ping status=200 success=true durationMs=312
2026-08-13 07:10:13.622 +02:00 [INF] SQL Express schema ready (version 32).
2026-08-13 07:10:13.664 +02:00 [WRN] Phase 37 InitialSetup.sql apply skipped after error (schema already bootstrapped in-app).
Microsoft.Data.SqlClient.SqlException (0x80131904): Filtered index 'IX_OfflineInvoiceQueue_PendingFifo' cannot be created on table 'dbo.OfflineInvoiceQueue' because the column 'Status' in the filter expression is compared with a constant of higher data type precedence or of a different collation. Converting a column to the data type of a constant is not supported for filtered indexes. To resolve this error, explicitly convert the constant to the same data type and collation as the column 'Status'.
   at Microsoft.Data.SqlClient.SqlConnection.OnError(SqlException exception, Boolean breakConnection, Action`1 wrapCloseInAction)
   at Microsoft.Data.SqlClient.SqlInternalConnection.OnError(SqlException exception, Boolean breakConnection, Action`1 wrapCloseInAction)
   at Microsoft.Data.SqlClient.TdsParser.ThrowExceptionAndWarning(TdsParserStateObject stateObj, SqlCommand command, Boolean callerHasConnectionLock, Boolean asyncClose)
   at Microsoft.Data.SqlClient.TdsParser.TryRun(RunBehavior runBehavior, SqlCommand cmdHandler, SqlDataReader dataStream, BulkCopySimpleResultSet bulkCopyHandler, TdsParserStateObject stateObj, Boolean& dataReady)
   at Microsoft.Data.SqlClient.SqlCommand.InternalEndExecuteNonQuery(IAsyncResult asyncResult, Boolean isInternal, String endMethod)
   at Microsoft.Data.SqlClient.SqlCommand.EndExecuteNonQueryInternal(IAsyncResult asyncResult)
   at Microsoft.Data.SqlClient.SqlCommand.EndExecuteNonQueryAsync(IAsyncResult asyncResult)
   at Microsoft.Data.SqlClient.SqlCommand.<>c.<InternalExecuteNonQueryAsync>b__193_1(IAsyncResult asyncResult)
   at System.Threading.Tasks.TaskFactory`1.FromAsyncCoreLogic(IAsyncResult iar, Func`2 endFunction, Action`1 endAction, Task`1 promise, Boolean requiresSynchronization)
--- End of stack trace from previous location ---
   at PointOfSale.App.Services.FirstRunBootstrapService.TryApplyInitialSetupScriptAsync(CancellationToken cancellationToken) in C:\Users\alber\OneDrive\Documents\Point Of Sale\src\PointOfSale.App\Services\FirstRunBootstrapService.cs:line 411
   at PointOfSale.App.Services.FirstRunBootstrapService.TryApplyInitialSetupScriptAsync(CancellationToken cancellationToken) in C:\Users\alber\OneDrive\Documents\Point Of Sale\src\PointOfSale.App\Services\FirstRunBootstrapService.cs:line 411
   at PointOfSale.App.Services.FirstRunBootstrapService.TryApplyInitialSetupScriptAsync(CancellationToken cancellationToken) in C:\Users\alber\OneDrive\Documents\Point Of Sale\src\PointOfSale.App\Services\FirstRunBootstrapService.cs:line 414
ClientConnectionId:33363997-d20d-4943-84c6-a74b1a5e775e
Error Number:10611,State:1,Class:16
2026-08-13 07:10:13.784 +02:00 [INF] Offline invoice FIFO sync worker started (interval 15s, requireConnectivity=true).
2026-08-13 07:10:13.796 +02:00 [INF] Hardware fault-tolerance loop started (probe every 20s).
2026-08-13 07:10:13.798 +02:00 [INF] ArchivalCompressionBackgroundService is disabled.
2026-08-13 07:10:13.802 +02:00 [INF] Inventory alert scanner started (interval 60s).
2026-08-13 07:10:13.812 +02:00 [INF] HealthCheckWorker started (interval 45s).
2026-08-13 07:10:13.813 +02:00 [INF] System health monitor started (interval 45s).
2026-08-13 07:10:13.815 +02:00 [INF] PerformanceProfilingBackgroundService started (sample 30s, flush 300s).
2026-08-13 07:10:13.817 +02:00 [INF] DatabaseMaintenanceBackgroundService started (interval 24h).
2026-08-13 07:10:13.824 +02:00 [INF] MRA EIS POST "https://dev-eis-api.mra.mw/api/v1/sales/last-submitted-offline-transaction"
2026-08-13 07:10:13.970 +02:00 [INF] Inventory alert scan complete: 109 products, low=1, stockout=0, overstock=0, fast=0.
2026-08-13 07:10:14.166 +02:00 [ERR] Failed to start offline receipt QR bridge on http://10.10.46.62:18787/ReceiptValidation/Validate/. QR scans may still hit MRA portal ISE.
System.Net.HttpListenerException (5): Access is denied.
   at System.Net.HttpListener.AddPrefixCore(String registeredPrefix)
   at System.Net.HttpListener.AddAllPrefixes()
   at System.Net.HttpListener.Start()
   at PointOfSale.App.Services.OfflineReceiptQrBridgeService.ExecuteAsync(CancellationToken stoppingToken) in C:\Users\alber\OneDrive\Documents\Point Of Sale\src\PointOfSale.App\Services\OfflineReceiptQrBridgeService.cs:line 103
2026-08-13 07:10:14.317 +02:00 [INF] MRA POST /api/v1/sales/last-submitted-offline-transaction status=200 success=true durationMs=484
2026-08-13 07:10:14.348 +02:00 [WRN] Unable to query last-submitted-offline-transaction for sequence check.
PointOfSale.Mra.Http.MraApiException: Invalid MRA EIS response JSON.
 ---> System.Text.Json.JsonException: The JSON value could not be converted to System.Decimal. Path: $.data.invoiceSummary.amountTendered | LineNumber: 0 | BytePositionInLine: 1188.
 ---> System.InvalidOperationException: Cannot get the value of a token type 'Null' as a number.
   at System.Text.Json.ThrowHelper.ThrowInvalidOperationException_ExpectedNumber(JsonTokenType tokenType)
   at System.Text.Json.Utf8JsonReader.TryGetDecimal(Decimal& value)
   at System.Text.Json.Utf8JsonReader.GetDecimal()
   at System.Text.Json.Serialization.JsonConverter`1.TryRead(Utf8JsonReader& reader, Type typeToConvert, JsonSerializerOptions options, ReadStack& state, T& value, Boolean& isPopulatedValue)
   at System.Text.Json.Serialization.Metadata.JsonPropertyInfo`1.ReadJsonAndSetMember(Object obj, ReadStack& state, Utf8JsonReader& reader)
   at System.Text.Json.Serialization.Converters.ObjectDefaultConverter`1.OnTryRead(Utf8JsonReader& reader, Type typeToConvert, JsonSerializerOptions options, ReadStack& state, T& value)
   at System.Text.Json.Serialization.JsonConverter`1.TryRead(Utf8JsonReader& reader, Type typeToConvert, JsonSerializerOptions options, ReadStack& state, T& value, Boolean& isPopulatedValue)
   at System.Text.Json.Serialization.Metadata.JsonPropertyInfo`1.ReadJsonAndSetMember(Object obj, ReadStack& state, Utf8JsonReader& reader)
   at System.Text.Json.Serialization.Converters.ObjectDefaultConverter`1.OnTryRead(Utf8JsonReader& reader, Type typeToConvert, JsonSerializerOptions options, ReadStack& state, T& value)
   at System.Text.Json.Serialization.JsonConverter`1.TryRead(Utf8JsonReader& reader, Type typeToConvert, JsonSerializerOptions options, ReadStack& state, T& value, Boolean& isPopulatedValue)
   at System.Text.Json.Serialization.Metadata.JsonPropertyInfo`1.ReadJsonAndSetMember(Object obj, ReadStack& state, Utf8JsonReader& reader)
   at System.Text.Json.Serialization.Converters.ObjectDefaultConverter`1.OnTryRead(Utf8JsonReader& reader, Type typeToConvert, JsonSerializerOptions options, ReadStack& state, T& value)
   at System.Text.Json.Serialization.JsonConverter`1.TryRead(Utf8JsonReader& reader, Type typeToConvert, JsonSerializerOptions options, ReadStack& state, T& value, Boolean& isPopulatedValue)
   at System.Text.Json.Serialization.JsonConverter`1.ReadCore(Utf8JsonReader& reader, JsonSerializerOptions options, ReadStack& state)
   --- End of inner exception stack trace ---
   at System.Text.Json.ThrowHelper.ReThrowWithPath(ReadStack& state, Utf8JsonReader& reader, Exception ex)
   at System.Text.Json.Serialization.JsonConverter`1.ReadCore(Utf8JsonReader& reader, JsonSerializerOptions options, ReadStack& state)
   at System.Text.Json.JsonSerializer.ReadFromSpan[TValue](ReadOnlySpan`1 utf8Json, JsonTypeInfo`1 jsonTypeInfo, Nullable`1 actualByteCount)
   at System.Text.Json.JsonSerializer.ReadFromSpan[TValue](ReadOnlySpan`1 json, JsonTypeInfo`1 jsonTypeInfo)
   at System.Text.Json.JsonSerializer.Deserialize[TValue](String json, JsonSerializerOptions options)
   at PointOfSale.Infrastructure.Services.MraApiClient.SendAsync[TResponse](HttpRequestMessage request, String auditRequestBody, CancellationToken cancellationToken) in C:\Users\alber\OneDrive\Documents\Point Of Sale\src\PointOfSale.Infrastructure\Services\MraApiClient.cs:line 309
   --- End of inner exception stack trace ---
   at PointOfSale.Infrastructure.Services.MraApiClient.SendAsync[TResponse](HttpRequestMessage request, String auditRequestBody, CancellationToken cancellationToken) in C:\Users\alber\OneDrive\Documents\Point Of Sale\src\PointOfSale.Infrastructure\Services\MraApiClient.cs:line 323
   at PointOfSale.Infrastructure.Services.MraApiClient.PostEmptyAsync[TResponse](String relativePath, MraRequestContext context, CancellationToken cancellationToken) in C:\Users\alber\OneDrive\Documents\Point Of Sale\src\PointOfSale.Infrastructure\Services\MraApiClient.cs:line 249
   at PointOfSale.Infrastructure.Services.SalesTransactionService.GetLastSubmittedTransactionAsync(String relativePath, String channelLabel, CancellationToken cancellationToken) in C:\Users\alber\OneDrive\Documents\Point Of Sale\src\PointOfSale.Infrastructure\Services\SalesTransactionService.cs:line 86
   at PointOfSale.Infrastructure.Services.SalesTransactionService.VerifySequenceContinuityAsync(Func`2 lookupFactory, String channelLabel, CancellationToken cancellationToken) in C:\Users\alber\OneDrive\Documents\Point Of Sale\src\PointOfSale.Infrastructure\Services\SalesTransactionService.cs:line 153
2026-08-13 07:10:14.842 +02:00 [INF] SQL Express schema ready (version 32).
2026-08-13 07:10:14.853 +02:00 [WRN] Phase 37 InitialSetup.sql apply skipped after error (schema already bootstrapped in-app).
Microsoft.Data.SqlClient.SqlException (0x80131904): Filtered index 'IX_OfflineInvoiceQueue_PendingFifo' cannot be created on table 'dbo.OfflineInvoiceQueue' because the column 'Status' in the filter expression is compared with a constant of higher data type precedence or of a different collation. Converting a column to the data type of a constant is not supported for filtered indexes. To resolve this error, explicitly convert the constant to the same data type and collation as the column 'Status'.
   at Microsoft.Data.SqlClient.SqlConnection.OnError(SqlException exception, Boolean breakConnection, Action`1 wrapCloseInAction)
   at Microsoft.Data.SqlClient.SqlInternalConnection.OnError(SqlException exception, Boolean breakConnection, Action`1 wrapCloseInAction)
   at Microsoft.Data.SqlClient.TdsParser.ThrowExceptionAndWarning(TdsParserStateObject stateObj, SqlCommand command, Boolean callerHasConnectionLock, Boolean asyncClose)
   at Microsoft.Data.SqlClient.TdsParser.TryRun(RunBehavior runBehavior, SqlCommand cmdHandler, SqlDataReader dataStream, BulkCopySimpleResultSet bulkCopyHandler, TdsParserStateObject stateObj, Boolean& dataReady)
   at Microsoft.Data.SqlClient.SqlCommand.InternalEndExecuteNonQuery(IAsyncResult asyncResult, Boolean isInternal, String endMethod)
   at Microsoft.Data.SqlClient.SqlCommand.EndExecuteNonQueryInternal(IAsyncResult asyncResult)
   at Microsoft.Data.SqlClient.SqlCommand.EndExecuteNonQueryAsync(IAsyncResult asyncResult)
   at Microsoft.Data.SqlClient.SqlCommand.<>c.<InternalExecuteNonQueryAsync>b__193_1(IAsyncResult asyncResult)
   at System.Threading.Tasks.TaskFactory`1.FromAsyncCoreLogic(IAsyncResult iar, Func`2 endFunction, Action`1 endAction, Task`1 promise, Boolean requiresSynchronization)
--- End of stack trace from previous location ---
   at PointOfSale.App.Services.FirstRunBootstrapService.TryApplyInitialSetupScriptAsync(CancellationToken cancellationToken) in C:\Users\alber\OneDrive\Documents\Point Of Sale\src\PointOfSale.App\Services\FirstRunBootstrapService.cs:line 411
   at PointOfSale.App.Services.FirstRunBootstrapService.TryApplyInitialSetupScriptAsync(CancellationToken cancellationToken) in C:\Users\alber\OneDrive\Documents\Point Of Sale\src\PointOfSale.App\Services\FirstRunBootstrapService.cs:line 411
   at PointOfSale.App.Services.FirstRunBootstrapService.TryApplyInitialSetupScriptAsync(CancellationToken cancellationToken) in C:\Users\alber\OneDrive\Documents\Point Of Sale\src\PointOfSale.App\Services\FirstRunBootstrapService.cs:line 414
ClientConnectionId:8fe41197-4e3b-4568-8313-1c9329e5030a
Error Number:10611,State:1,Class:16
2026-08-13 07:10:21.823 +02:00 [INF] ART Diagnostic WorkerHeartbeat HealthCheckWorker null null: Heartbeat
2026-08-13 07:10:21.875 +02:00 [INF] ART Diagnostic DatabaseLatency SqlExpress 3 null: SQL round-trip 3 ms
2026-08-13 07:10:21.906 +02:00 [INF] MRA EIS POST "https://dev-eis-api.mra.mw/api/v1/utilities/ping"
2026-08-13 07:10:21.958 +02:00 [INF] MRA POST /api/v1/utilities/ping status=200 success=true durationMs=47
2026-08-13 07:10:21.975 +02:00 [INF] ART Diagnostic MraConnectivity MraEis 61 1: MRA ping ok in 61 ms.
2026-08-13 07:10:22.047 +02:00 [INF] MRA EIS POST "https://dev-eis-api.mra.mw/api/v1/utilities/ping"
2026-08-13 07:10:22.092 +02:00 [INF] MRA POST /api/v1/utilities/ping status=200 success=true durationMs=47
2026-08-13 07:10:22.130 +02:00 [INF] MRA connectivity restored — waking offline sync worker.
2026-08-13 07:10:22.142 +02:00 [INF] ART Diagnostic HealthCheck HealthCheckWorker 3 null: All subsystems healthy (SQL 3 ms, disk 121.74 GB free).
2026-08-13 07:10:25.818 +02:00 [INF] ART Diagnostic DatabaseLatency SqlExpress 1 null: SQL round-trip 1 ms
2026-08-13 07:10:25.840 +02:00 [INF] MRA EIS POST "https://dev-eis-api.mra.mw/api/v1/utilities/ping"
2026-08-13 07:10:25.905 +02:00 [INF] MRA POST /api/v1/utilities/ping status=200 success=true durationMs=63
2026-08-13 07:10:25.915 +02:00 [INF] ART Diagnostic MraConnectivity MraEis 75 1: MRA ping ok in 75 ms.
2026-08-13 07:10:25.977 +02:00 [INF] MRA EIS POST "https://dev-eis-api.mra.mw/api/v1/utilities/ping"
2026-08-13 07:10:50.986 +02:00 [INF] MRA POST /api/v1/utilities/ping status=200 success=true durationMs=25016
2026-08-13 07:10:51.300 +02:00 [INF] MRA connectivity restored — waking offline sync worker.
2026-08-13 07:10:51.325 +02:00 [INF] ART Diagnostic HealthCheck HealthCheckWorker 1 null: All subsystems healthy (SQL 1 ms, disk 121.74 GB free).
2026-08-13 07:10:51.477 +02:00 [INF] MRA EIS POST "https://dev-eis-api.mra.mw/api/v1/utilities/ping"
2026-08-13 07:10:51.521 +02:00 [INF] MRA POST /api/v1/utilities/ping status=200 success=true durationMs=47
2026-08-13 07:10:58.898 +02:00 [WRN] Update check failed against https://updates.albertretail.local/art/stable/feed.json.
System.Net.Http.HttpRequestException: No such host is known. (updates.albertretail.local:443)
 ---> System.Net.Sockets.SocketException (11001): No such host is known.
   at System.Net.Sockets.Socket.AwaitableSocketAsyncEventArgs.ThrowException(SocketError error, CancellationToken cancellationToken)
   at System.Net.Sockets.Socket.AwaitableSocketAsyncEventArgs.System.Threading.Tasks.Sources.IValueTaskSource.GetResult(Int16 token)
   at System.Net.Sockets.Socket.<ConnectAsync>g__WaitForConnectWithCancellation|285_0(AwaitableSocketAsyncEventArgs saea, ValueTask connectTask, CancellationToken cancellationToken)
   at System.Net.Http.HttpConnectionPool.ConnectToTcpHostAsync(String host, Int32 port, HttpRequestMessage initialRequest, Boolean async, CancellationToken cancellationToken)
   --- End of inner exception stack trace ---
   at System.Net.Http.HttpConnectionPool.ConnectToTcpHostAsync(String host, Int32 port, HttpRequestMessage initialRequest, Boolean async, CancellationToken cancellationToken)
   at System.Net.Http.HttpConnectionPool.ConnectAsync(HttpRequestMessage request, Boolean async, CancellationToken cancellationToken)
   at System.Net.Http.HttpConnectionPool.CreateHttp11ConnectionAsync(HttpRequestMessage request, Boolean async, CancellationToken cancellationToken)
   at System.Net.Http.HttpConnectionPool.AddHttp11ConnectionAsync(QueueItem queueItem)
   at System.Threading.Tasks.TaskCompletionSourceWithCancellation`1.WaitWithCancellationAsync(CancellationToken cancellationToken)
   at System.Net.Http.HttpConnectionPool.SendWithVersionDetectionAndRetryAsync(HttpRequestMessage request, Boolean async, Boolean doRequestAuth, CancellationToken cancellationToken)
   at System.Net.Http.RedirectHandler.SendAsync(HttpRequestMessage request, Boolean async, CancellationToken cancellationToken)
   at Microsoft.Extensions.Http.Logging.LoggingHttpMessageHandler.<SendCoreAsync>g__Core|5_0(HttpRequestMessage request, Boolean useAsync, CancellationToken cancellationToken)
   at Microsoft.Extensions.Http.Logging.LoggingScopeHttpMessageHandler.<SendCoreAsync>g__Core|5_0(HttpRequestMessage request, Boolean useAsync, CancellationToken cancellationToken)
   at System.Net.Http.HttpClient.<SendAsync>g__Core|83_0(HttpRequestMessage request, HttpCompletionOption completionOption, CancellationTokenSource cts, Boolean disposeCts, CancellationTokenSource pendingRequestsCts, CancellationToken originalCancellationToken)
   at PointOfSale.App.Services.ApplicationUpdateService.CheckForUpdatesAsync(CancellationToken cancellationToken) in C:\Users\alber\OneDrive\Documents\Point Of Sale\src\PointOfSale.App\Services\ApplicationUpdateService.cs:line 64
2026-08-13 07:11:00.872 +02:00 [WRN] Performance profiling iteration failed.
Microsoft.Data.SqlClient.SqlException (0x80131904): Execution Timeout Expired.  The timeout period elapsed prior to completion of the operation or the server is not responding.
 ---> System.ComponentModel.Win32Exception (258): The wait operation timed out.
   at System.Threading.Tasks.ContinuationResultTaskFromResultTask`2.InnerInvoke()
   at System.Threading.ExecutionContext.RunInternal(ExecutionContext executionContext, ContextCallback callback, Object state)
--- End of stack trace from previous location ---
   at System.Threading.ExecutionContext.RunInternal(ExecutionContext executionContext, ContextCallback callback, Object state)
   at System.Threading.Tasks.Task.ExecuteWithThreadLocal(Task& currentTaskSlot, Thread threadPoolThread)
--- End of stack trace from previous location ---
   at Dapper.SqlMapper.QueryAsync[T](IDbConnection cnn, Type effectiveType, CommandDefinition command) in /_/Dapper/SqlMapper.Async.cs:line 434
   at PointOfSale.Infrastructure.Repositories.DiagnosticTelemetryRepository.GetRecentAsync(Int32 take, String categoryFilter, String severityFilter, String search, CancellationToken cancellationToken) in C:\Users\alber\OneDrive\Documents\Point Of Sale\src\PointOfSale.Infrastructure\Repositories\DiagnosticTelemetryRepository.cs:line 68
   at PointOfSale.Infrastructure.Repositories.DiagnosticTelemetryRepository.GetRecentAsync(Int32 take, String categoryFilter, String severityFilter, String search, CancellationToken cancellationToken) in C:\Users\alber\OneDrive\Documents\Point Of Sale\src\PointOfSale.Infrastructure\Repositories\DiagnosticTelemetryRepository.cs:line 84
   at PointOfSale.App.Services.PerformanceProfilingService.LoadErrorHistogramAsync(CancellationToken cancellationToken) in C:\Users\alber\OneDrive\Documents\Point Of Sale\src\PointOfSale.App\Services\PerformanceProfilingService.cs:line 294
   at PointOfSale.App.Services.PerformanceProfilingService.CaptureSnapshotAsync(CancellationToken cancellationToken) in C:\Users\alber\OneDrive\Documents\Point Of Sale\src\PointOfSale.App\Services\PerformanceProfilingService.cs:line 110
   at PointOfSale.App.Services.PerformanceProfilingBackgroundService.ExecuteAsync(CancellationToken stoppingToken) in C:\Users\alber\OneDrive\Documents\Point Of Sale\src\PointOfSale.App\Services\PerformanceProfilingBackgroundService.cs:line 59
ClientConnectionId:8fe41197-4e3b-4568-8313-1c9329e5030a
Error Number:-2,State:0,Class:11
2026-08-13 07:11:01.408 +02:00 [INF] MRA connectivity restored — waking offline sync worker.
2026-08-13 07:11:01.461 +02:00 [INF] ART Diagnostic WorkerHeartbeat SystemHealthMonitorService null null: All monitored subsystems healthy.
2026-08-13 07:11:07.167 +02:00 [INF] ART Diagnostic WorkerHeartbeat HealthCheckWorker null null: Heartbeat
2026-08-13 07:11:07.180 +02:00 [INF] ART Diagnostic DatabaseLatency SqlExpress 0 null: SQL round-trip 0 ms
2026-08-13 07:11:07.195 +02:00 [INF] MRA EIS POST "https://dev-eis-api.mra.mw/api/v1/utilities/ping"
2026-08-13 07:11:07.384 +02:00 [INF] MRA POST /api/v1/utilities/ping status=200 success=true durationMs=203
2026-08-13 07:11:07.392 +02:00 [INF] ART Diagnostic MraConnectivity MraEis 197 1: MRA ping ok in 197 ms.
2026-08-13 07:11:07.462 +02:00 [INF] MRA EIS POST "https://dev-eis-api.mra.mw/api/v1/utilities/ping"
2026-08-13 07:11:07.508 +02:00 [INF] MRA POST /api/v1/utilities/ping status=200 success=true durationMs=31
2026-08-13 07:11:07.531 +02:00 [INF] MRA connectivity restored — waking offline sync worker.
2026-08-13 07:11:07.532 +02:00 [INF] ART Diagnostic HealthCheck HealthCheckWorker 0 null: All subsystems healthy (SQL 0 ms, disk 121.74 GB free).
2026-08-13 07:11:12.784 +02:00 [INF] MRA EIS POST "https://dev-eis-api.mra.mw/api/v1/utilities/ping"
2026-08-13 07:11:12.835 +02:00 [INF] MRA POST /api/v1/utilities/ping status=200 success=true durationMs=47
2026-08-13 07:11:12.848 +02:00 [INF] MRA connectivity restored — waking offline sync worker.
2026-08-13 07:11:14.066 +02:00 [INF] Inventory alert scan complete: 109 products, low=1, stockout=0, overstock=0, fast=0.
2026-08-13 07:11:32.566 +02:00 [INF] MRA EIS POST "https://dev-eis-api.mra.mw/api/v1/utilities/ping"
2026-08-13 07:11:46.485 +02:00 [INF] ART Diagnostic DatabaseLatency SqlExpress 1 null: SQL round-trip 1 ms
2026-08-13 07:11:46.527 +02:00 [INF] MRA EIS POST "https://dev-eis-api.mra.mw/api/v1/utilities/ping"
2026-08-13 07:11:52.551 +02:00 [INF] ART Diagnostic WorkerHeartbeat HealthCheckWorker null null: Heartbeat
2026-08-13 07:11:52.567 +02:00 [INF] ART Diagnostic DatabaseLatency SqlExpress 0 null: SQL round-trip 0 ms
2026-08-13 07:11:52.583 +02:00 [INF] MRA EIS POST "https://dev-eis-api.mra.mw/api/v1/utilities/ping"
2026-08-13 07:11:56.548 +02:00 [INF] MRA POST /api/v1/utilities/ping status=200 success=true durationMs=3968
2026-08-13 07:11:56.566 +02:00 [INF] ART Diagnostic MraConnectivity MraEis 3983 1: MRA ping ok in 3983 ms.
2026-08-13 07:11:56.574 +02:00 [INF] ART Diagnostic HealthCheck HealthCheckWorker 0 null: All subsystems healthy (SQL 0 ms, disk 121.73 GB free).
2026-08-13 07:11:56.599 +02:00 [INF] MRA POST /api/v1/utilities/ping status=200 success=true durationMs=24031
2026-08-13 07:11:56.611 +02:00 [INF] MRA POST /api/v1/utilities/ping status=200 success=true durationMs=10078
2026-08-13 07:11:56.613 +02:00 [INF] MRA connectivity restored — waking offline sync worker.
2026-08-13 07:11:56.614 +02:00 [INF] ART Diagnostic MraConnectivity MraEis 10086 1: MRA ping ok in 10086 ms.
2026-08-13 07:11:56.634 +02:00 [INF] MRA EIS POST "https://dev-eis-api.mra.mw/api/v1/sales/last-submitted-offline-transaction"
2026-08-13 07:11:56.671 +02:00 [INF] MRA EIS POST "https://dev-eis-api.mra.mw/api/v1/utilities/ping"
2026-08-13 07:11:56.693 +02:00 [INF] MRA EIS POST "https://dev-eis-api.mra.mw/api/v1/configuration/get-latest-configs"
2026-08-13 07:11:56.693 +02:00 [INF] MRA EIS request payload for "https://dev-eis-api.mra.mw/api/v1/configuration/get-latest-configs": {}
2026-08-13 07:11:56.715 +02:00 [INF] MRA POST /api/v1/utilities/ping status=200 success=true durationMs=47
2026-08-13 07:11:56.767 +02:00 [INF] MRA POST /api/v1/configuration/get-latest-configs status=200 success=true durationMs=78
2026-08-13 07:11:56.801 +02:00 [INF] MRA connectivity restored — waking offline sync worker.
2026-08-13 07:11:56.802 +02:00 [INF] ART Diagnostic HealthCheck HealthCheckWorker 1 null: All subsystems healthy (SQL 1 ms, disk 121.73 GB free).
2026-08-13 07:11:56.836 +02:00 [INF] ART Diagnostic DatabaseLatency SqlExpress 0 null: Performance profile sample (FPS 0.0)
2026-08-13 07:11:56.867 +02:00 [INF] Cached get-latest-configs for 81a1dce2-8934-46eb-b9fd-dc8259efe24f. sellerTIN=31018345, siteId=BLc4f27da3-6c8e-4014-84b1-140886944c25, versions g/t/tp=1/1/12806
2026-08-13 07:11:56.876 +02:00 [INF] MRA EIS POST "https://dev-eis-api.mra.mw/api/v1/utilities/ping"
2026-08-13 07:11:56.901 +02:00 [INF] Checkout fiscal identity ready. sellerTIN=31018345 siteId=BLc4f27da3-6c8e-4014-84b1-140886944c25 taxRateId=A versions g/t/tp=1/1/12806 invoiceTinDigits=31018345
2026-08-13 07:11:56.930 +02:00 [INF] MRA POST /api/v1/utilities/ping status=200 success=true durationMs=47
2026-08-13 07:11:56.950 +02:00 [INF] MRA EIS POST "https://dev-eis-api.mra.mw/api/v1/configuration/get-latest-configs"
2026-08-13 07:11:56.950 +02:00 [INF] MRA EIS request payload for "https://dev-eis-api.mra.mw/api/v1/configuration/get-latest-configs": {}
2026-08-13 07:11:57.028 +02:00 [INF] MRA connectivity restored — waking offline sync worker.
2026-08-13 07:11:57.095 +02:00 [INF] MRA POST /api/v1/configuration/get-latest-configs status=200 success=true durationMs=140
2026-08-13 07:11:57.095 +02:00 [INF] MRA POST /api/v1/sales/last-submitted-offline-transaction status=200 success=true durationMs=469
2026-08-13 07:11:57.106 +02:00 [INF] ART Diagnostic WorkerHeartbeat SystemHealthMonitorService null null: All monitored subsystems healthy.
2026-08-13 07:11:57.108 +02:00 [WRN] Unable to query last-submitted-offline-transaction for sequence check.
PointOfSale.Mra.Http.MraApiException: Invalid MRA EIS response JSON.
 ---> System.Text.Json.JsonException: The JSON value could not be converted to System.Decimal. Path: $.data.invoiceSummary.amountTendered | LineNumber: 0 | BytePositionInLine: 1188.
 ---> System.InvalidOperationException: Cannot get the value of a token type 'Null' as a number.
   at System.Text.Json.ThrowHelper.ThrowInvalidOperationException_ExpectedNumber(JsonTokenType tokenType)
   at System.Text.Json.Utf8JsonReader.TryGetDecimal(Decimal& value)
   at System.Text.Json.Utf8JsonReader.GetDecimal()
   at System.Text.Json.Serialization.JsonConverter`1.TryRead(Utf8JsonReader& reader, Type typeToConvert, JsonSerializerOptions options, ReadStack& state, T& value, Boolean& isPopulatedValue)
   at System.Text.Json.Serialization.Metadata.JsonPropertyInfo`1.ReadJsonAndSetMember(Object obj, ReadStack& state, Utf8JsonReader& reader)
   at System.Text.Json.Serialization.Converters.ObjectDefaultConverter`1.OnTryRead(Utf8JsonReader& reader, Type typeToConvert, JsonSerializerOptions options, ReadStack& state, T& value)
   at System.Text.Json.Serialization.JsonConverter`1.TryRead(Utf8JsonReader& reader, Type typeToConvert, JsonSerializerOptions options, ReadStack& state, T& value, Boolean& isPopulatedValue)
   at System.Text.Json.Serialization.Metadata.JsonPropertyInfo`1.ReadJsonAndSetMember(Object obj, ReadStack& state, Utf8JsonReader& reader)
   at System.Text.Json.Serialization.Converters.ObjectDefaultConverter`1.OnTryRead(Utf8JsonReader& reader, Type typeToConvert, JsonSerializerOptions options, ReadStack& state, T& value)
   at System.Text.Json.Serialization.JsonConverter`1.TryRead(Utf8JsonReader& reader, Type typeToConvert, JsonSerializerOptions options, ReadStack& state, T& value, Boolean& isPopulatedValue)
   at System.Text.Json.Serialization.Metadata.JsonPropertyInfo`1.ReadJsonAndSetMember(Object obj, ReadStack& state, Utf8JsonReader& reader)
   at System.Text.Json.Serialization.Converters.ObjectDefaultConverter`1.OnTryRead(Utf8JsonReader& reader, Type typeToConvert, JsonSerializerOptions options, ReadStack& state, T& value)
   at System.Text.Json.Serialization.JsonConverter`1.TryRead(Utf8JsonReader& reader, Type typeToConvert, JsonSerializerOptions options, ReadStack& state, T& value, Boolean& isPopulatedValue)
   at System.Text.Json.Serialization.JsonConverter`1.ReadCore(Utf8JsonReader& reader, JsonSerializerOptions options, ReadStack& state)
   --- End of inner exception stack trace ---
   at System.Text.Json.ThrowHelper.ReThrowWithPath(ReadStack& state, Utf8JsonReader& reader, Exception ex)
   at System.Text.Json.Serialization.JsonConverter`1.ReadCore(Utf8JsonReader& reader, JsonSerializerOptions options, ReadStack& state)
   at System.Text.Json.JsonSerializer.ReadFromSpan[TValue](ReadOnlySpan`1 utf8Json, JsonTypeInfo`1 jsonTypeInfo, Nullable`1 actualByteCount)
   at System.Text.Json.JsonSerializer.ReadFromSpan[TValue](ReadOnlySpan`1 json, JsonTypeInfo`1 jsonTypeInfo)
   at System.Text.Json.JsonSerializer.Deserialize[TValue](String json, JsonSerializerOptions options)
   at PointOfSale.Infrastructure.Services.MraApiClient.SendAsync[TResponse](HttpRequestMessage request, String auditRequestBody, CancellationToken cancellationToken) in C:\Users\alber\OneDrive\Documents\Point Of Sale\src\PointOfSale.Infrastructure\Services\MraApiClient.cs:line 309
   --- End of inner exception stack trace ---
   at PointOfSale.Infrastructure.Services.MraApiClient.SendAsync[TResponse](HttpRequestMessage request, String auditRequestBody, CancellationToken cancellationToken) in C:\Users\alber\OneDrive\Documents\Point Of Sale\src\PointOfSale.Infrastructure\Services\MraApiClient.cs:line 323
   at PointOfSale.Infrastructure.Services.MraApiClient.PostEmptyAsync[TResponse](String relativePath, MraRequestContext context, CancellationToken cancellationToken) in C:\Users\alber\OneDrive\Documents\Point Of Sale\src\PointOfSale.Infrastructure\Services\MraApiClient.cs:line 249
   at PointOfSale.Infrastructure.Services.SalesTransactionService.GetLastSubmittedTransactionAsync(String relativePath, String channelLabel, CancellationToken cancellationToken) in C:\Users\alber\OneDrive\Documents\Point Of Sale\src\PointOfSale.Infrastructure\Services\SalesTransactionService.cs:line 86
   at PointOfSale.Infrastructure.Services.SalesTransactionService.VerifySequenceContinuityAsync(Func`2 lookupFactory, String channelLabel, CancellationToken cancellationToken) in C:\Users\alber\OneDrive\Documents\Point Of Sale\src\PointOfSale.Infrastructure\Services\SalesTransactionService.cs:line 153
2026-08-13 07:11:57.138 +02:00 [INF] Cached get-latest-configs for 81a1dce2-8934-46eb-b9fd-dc8259efe24f. sellerTIN=31018345, siteId=BLc4f27da3-6c8e-4014-84b1-140886944c25, versions g/t/tp=1/1/12806
2026-08-13 07:11:57.139 +02:00 [INF] Refreshed fiscal identity from get-latest-configs. sellerTIN=31018345 siteId=BLc4f27da3-6c8e-4014-84b1-140886944c25 taxRateId=A vatReg=true activated=[PIT,CGT,NRT,VAT,WHT] versions g/t/tp=1/1/12806
2026-08-13 07:11:57.279 +02:00 [INF] Generated offline ValidationURL signature for invoice Cvp-E-JY5S-B (N=3, julian=2461266).
2026-08-13 07:12:06.689 +02:00 [INF] MRA EIS POST "https://dev-eis-api.mra.mw/api/v1/sales/submit-sales-transaction"
2026-08-13 07:12:06.689 +02:00 [INF] MRA EIS request payload for "https://dev-eis-api.mra.mw/api/v1/sales/submit-sales-transaction": {"invoiceHeader":{"invoiceNumber":"Cvp-E-JY5S-B","invoiceDateTime":"2026-08-13T05:11:56.918Z","sellerTIN":"31018345","siteId":"BLc4f27da3-6c8e-4014-84b1-140886944c25","globalConfigVersion":1,"taxpayerConfigVersion":12806,"terminalConfigVersion":1,"isExport":false,"isReliefSupply":false,"paymentMethod":"Card"},"invoiceLineItems":[{"id":1,"productCode":"990663831995","description":"Air Cleaner  13780-58B00","unitPrice":29612.50,"quantity":1,"discount":27612.50,"total":1702.13,"totalVAT":297.87,"taxRateId":"A","isProduct":true},{"id":2,"productCode":"744460208701","description":"Air Cleaner  MC 13780-71L00","unitPrice":20000.00,"quantity":1,"discount":0,"total":17021.28,"totalVAT":2978.72,"taxRateId":"A","isProduct":true},{"id":3,"productCode":"934256476933","description":"Air Cleaner  MD 620584-TH","unitPrice":22000.00,"quantity":1,"discount":0,"total":18723.40,"totalVAT":3276.60,"taxRateId":"A","isProduct":true}],"invoiceSummary":{"taxBreakDown":[{"rateId":"A","taxableAmount":37446.81,"taxAmount":6553.19}],"totalVAT":6553.19,"offlineSignature":"9-oT-kawhK45kVrHyOm7jjITb5prnrwF1685IHZN1tU","invoiceTotal":44000.00,"amountTendered":44000.00}}
2026-08-13 07:12:07.106 +02:00 [INF] MRA POST /api/v1/sales/submit-sales-transaction status=200 success=true durationMs=422
2026-08-13 07:12:12.568 +02:00 [INF] MRA EIS POST "https://dev-eis-api.mra.mw/api/v1/utilities/ping"
2026-08-13 07:12:12.696 +02:00 [INF] MRA POST /api/v1/utilities/ping status=200 success=true durationMs=125
2026-08-13 07:12:12.715 +02:00 [INF] MRA connectivity restored — waking offline sync worker.
2026-08-13 07:12:14.211 +02:00 [INF] Inventory alert scan complete: 109 products, low=1, stockout=0, overstock=0, fast=0.
2026-08-13 07:12:32.579 +02:00 [INF] MRA EIS POST "https://dev-eis-api.mra.mw/api/v1/utilities/ping"
2026-08-13 07:12:41.579 +02:00 [INF] ART Diagnostic WorkerHeartbeat HealthCheckWorker null null: Heartbeat
2026-08-13 07:12:41.853 +02:00 [INF] ART Diagnostic DatabaseLatency SqlExpress 0 null: SQL round-trip 0 ms
2026-08-13 07:12:41.867 +02:00 [INF] MRA EIS POST "https://dev-eis-api.mra.mw/api/v1/utilities/ping"
2026-08-13 07:12:42.116 +02:00 [INF] ART Diagnostic DatabaseLatency SqlExpress 1 null: SQL round-trip 1 ms
2026-08-13 07:12:42.142 +02:00 [INF] MRA EIS POST "https://dev-eis-api.mra.mw/api/v1/utilities/ping"
2026-08-13 07:12:52.970 +02:00 [INF] MRA POST /api/v1/utilities/ping status=200 success=true durationMs=20390
2026-08-13 07:12:53.003 +02:00 [INF] MRA connectivity restored — waking offline sync worker.
2026-08-13 07:12:53.024 +02:00 [INF] MRA POST /api/v1/utilities/ping status=200 success=true durationMs=10875
2026-08-13 07:12:53.029 +02:00 [INF] ART Diagnostic MraConnectivity MraEis 10886 1: MRA ping ok in 10886 ms.
2026-08-13 07:12:53.052 +02:00 [INF] MRA POST /api/v1/utilities/ping status=200 success=true durationMs=11187
2026-08-13 07:12:53.055 +02:00 [INF] ART Diagnostic MraConnectivity MraEis 11188 1: MRA ping ok in 11188 ms.
2026-08-13 07:12:53.059 +02:00 [INF] ART Diagnostic HealthCheck HealthCheckWorker 0 null: All subsystems healthy (SQL 0 ms, disk 121.73 GB free).
2026-08-13 07:12:53.090 +02:00 [INF] MRA EIS POST "https://dev-eis-api.mra.mw/api/v1/utilities/ping"
2026-08-13 07:12:53.144 +02:00 [INF] MRA POST /api/v1/utilities/ping status=200 success=true durationMs=47
2026-08-13 07:12:53.155 +02:00 [INF] MRA connectivity restored — waking offline sync worker.
2026-08-13 07:12:53.156 +02:00 [INF] ART Diagnostic HealthCheck HealthCheckWorker 1 null: All subsystems healthy (SQL 1 ms, disk 121.73 GB free).
2026-08-13 07:12:53.241 +02:00 [INF] MRA EIS POST "https://dev-eis-api.mra.mw/api/v1/utilities/ping"
2026-08-13 07:12:53.243 +02:00 [INF] ART Diagnostic DatabaseLatency SqlExpress 1 null: Performance profile sample (FPS 0.0)
2026-08-13 07:12:53.298 +02:00 [INF] MRA POST /api/v1/utilities/ping status=200 success=true durationMs=62
2026-08-13 07:12:53.316 +02:00 [INF] MRA connectivity restored — waking offline sync worker.
2026-08-13 07:12:53.401 +02:00 [INF] ART Diagnostic WorkerHeartbeat SystemHealthMonitorService null null: All monitored subsystems healthy.
2026-08-13 07:13:12.574 +02:00 [INF] MRA EIS POST "https://dev-eis-api.mra.mw/api/v1/utilities/ping"
2026-08-13 07:13:12.621 +02:00 [INF] MRA POST /api/v1/utilities/ping status=200 success=true durationMs=62
2026-08-13 07:13:12.639 +02:00 [INF] MRA connectivity restored — waking offline sync worker.
2026-08-13 07:13:28.742 +02:00 [INF] MRA EIS POST "https://dev-eis-api.mra.mw/api/v1/sales/last-submitted-offline-transaction"
2026-08-13 07:13:29.225 +02:00 [INF] MRA POST /api/v1/sales/last-submitted-offline-transaction status=200 success=true durationMs=484
2026-08-13 07:13:29.246 +02:00 [WRN] Unable to query last-submitted-offline-transaction for sequence check.
PointOfSale.Mra.Http.MraApiException: Invalid MRA EIS response JSON.
 ---> System.Text.Json.JsonException: The JSON value could not be converted to System.Decimal. Path: $.data.invoiceSummary.amountTendered | LineNumber: 0 | BytePositionInLine: 1385.
 ---> System.InvalidOperationException: Cannot get the value of a token type 'Null' as a number.
   at System.Text.Json.ThrowHelper.ThrowInvalidOperationException_ExpectedNumber(JsonTokenType tokenType)
   at System.Text.Json.Utf8JsonReader.TryGetDecimal(Decimal& value)
   at System.Text.Json.Serialization.Converters.DecimalConverter.ReadNumberWithCustomHandling(Utf8JsonReader& reader, JsonNumberHandling handling, JsonSerializerOptions options)
   at System.Text.Json.Serialization.JsonConverter`1.TryRead(Utf8JsonReader& reader, Type typeToConvert, JsonSerializerOptions options, ReadStack& state, T& value, Boolean& isPopulatedValue)
   at System.Text.Json.Serialization.Metadata.JsonPropertyInfo`1.ReadJsonAndSetMember(Object obj, ReadStack& state, Utf8JsonReader& reader)
   at System.Text.Json.Serialization.Converters.ObjectDefaultConverter`1.OnTryRead(Utf8JsonReader& reader, Type typeToConvert, JsonSerializerOptions options, ReadStack& state, T& value)
   at System.Text.Json.Serialization.JsonConverter`1.TryRead(Utf8JsonReader& reader, Type typeToConvert, JsonSerializerOptions options, ReadStack& state, T& value, Boolean& isPopulatedValue)
   at System.Text.Json.Serialization.Metadata.JsonPropertyInfo`1.ReadJsonAndSetMember(Object obj, ReadStack& state, Utf8JsonReader& reader)
   at System.Text.Json.Serialization.Converters.ObjectDefaultConverter`1.OnTryRead(Utf8JsonReader& reader, Type typeToConvert, JsonSerializerOptions options, ReadStack& state, T& value)
   at System.Text.Json.Serialization.JsonConverter`1.TryRead(Utf8JsonReader& reader, Type typeToConvert, JsonSerializerOptions options, ReadStack& state, T& value, Boolean& isPopulatedValue)
   at System.Text.Json.Serialization.Metadata.JsonPropertyInfo`1.ReadJsonAndSetMember(Object obj, ReadStack& state, Utf8JsonReader& reader)
   at System.Text.Json.Serialization.Converters.ObjectDefaultConverter`1.OnTryRead(Utf8JsonReader& reader, Type typeToConvert, JsonSerializerOptions options, ReadStack& state, T& value)
   at System.Text.Json.Serialization.JsonConverter`1.TryRead(Utf8JsonReader& reader, Type typeToConvert, JsonSerializerOptions options, ReadStack& state, T& value, Boolean& isPopulatedValue)
   at System.Text.Json.Serialization.JsonConverter`1.ReadCore(Utf8JsonReader& reader, JsonSerializerOptions options, ReadStack& state)
   --- End of inner exception stack trace ---
   at System.Text.Json.ThrowHelper.ReThrowWithPath(ReadStack& state, Utf8JsonReader& reader, Exception ex)
   at System.Text.Json.Serialization.JsonConverter`1.ReadCore(Utf8JsonReader& reader, JsonSerializerOptions options, ReadStack& state)
   at System.Text.Json.JsonSerializer.ReadFromSpan[TValue](ReadOnlySpan`1 json, JsonTypeInfo`1 jsonTypeInfo)
   at System.Text.Json.JsonSerializer.Deserialize[TValue](String json, JsonSerializerOptions options)
   at PointOfSale.Infrastructure.Services.MraApiClient.SendAsync[TResponse](HttpRequestMessage request, String auditRequestBody, CancellationToken cancellationToken) in C:\Users\alber\OneDrive\Documents\Point Of Sale\src\PointOfSale.Infrastructure\Services\MraApiClient.cs:line 309
   --- End of inner exception stack trace ---
   at PointOfSale.Infrastructure.Services.MraApiClient.SendAsync[TResponse](HttpRequestMessage request, String auditRequestBody, CancellationToken cancellationToken) in C:\Users\alber\OneDrive\Documents\Point Of Sale\src\PointOfSale.Infrastructure\Services\MraApiClient.cs:line 323
   at PointOfSale.Infrastructure.Services.MraApiClient.PostEmptyAsync[TResponse](String relativePath, MraRequestContext context, CancellationToken cancellationToken) in C:\Users\alber\OneDrive\Documents\Point Of Sale\src\PointOfSale.Infrastructure\Services\MraApiClient.cs:line 249
   at PointOfSale.Infrastructure.Services.SalesTransactionService.GetLastSubmittedTransactionAsync(String relativePath, String channelLabel, CancellationToken cancellationToken) in C:\Users\alber\OneDrive\Documents\Point Of Sale\src\PointOfSale.Infrastructure\Services\SalesTransactionService.cs:line 86
   at PointOfSale.Infrastructure.Services.SalesTransactionService.VerifySequenceContinuityAsync(Func`2 lookupFactory, String channelLabel, CancellationToken cancellationToken) in C:\Users\alber\OneDrive\Documents\Point Of Sale\src\PointOfSale.Infrastructure\Services\SalesTransactionService.cs:line 153
2026-08-13 07:13:31.409 +02:00 [INF] Inventory alert scan complete: 109 products, low=1, stockout=0, overstock=0, fast=0.
2026-08-13 07:13:31.451 +02:00 [INF] ART Diagnostic DatabaseLatency SqlExpress 1 null: Performance profile sample (FPS 0.0)
2026-08-13 07:13:32.541 +02:00 [INF] MRA EIS POST "https://dev-eis-api.mra.mw/api/v1/utilities/ping"
2026-08-13 07:13:32.575 +02:00 [INF] MRA POST /api/v1/utilities/ping status=200 success=true durationMs=47
2026-08-13 07:13:32.582 +02:00 [INF] MRA connectivity restored — waking offline sync worker.
2026-08-13 07:13:38.103 +02:00 [INF] ART Diagnostic WorkerHeartbeat HealthCheckWorker null null: Heartbeat
2026-08-13 07:13:38.108 +02:00 [INF] ART Diagnostic DatabaseLatency SqlExpress 0 null: SQL round-trip 0 ms
2026-08-13 07:13:38.112 +02:00 [INF] MRA EIS POST "https://dev-eis-api.mra.mw/api/v1/utilities/ping"
2026-08-13 07:13:38.149 +02:00 [INF] MRA POST /api/v1/utilities/ping status=200 success=true durationMs=31
2026-08-13 07:13:38.153 +02:00 [INF] ART Diagnostic MraConnectivity MraEis 40 1: MRA ping ok in 40 ms.
2026-08-13 07:13:38.194 +02:00 [INF] MRA EIS POST "https://dev-eis-api.mra.mw/api/v1/utilities/ping"
2026-08-13 07:13:38.224 +02:00 [INF] MRA POST /api/v1/utilities/ping status=200 success=true durationMs=31
2026-08-13 07:13:38.229 +02:00 [INF] MRA connectivity restored — waking offline sync worker.
2026-08-13 07:13:38.229 +02:00 [INF] ART Diagnostic HealthCheck HealthCheckWorker 0 null: All subsystems healthy (SQL 0 ms, disk 121.73 GB free).
2026-08-13 07:13:38.418 +02:00 [INF] ART Diagnostic DatabaseLatency SqlExpress 1 null: SQL round-trip 1 ms
2026-08-13 07:13:38.436 +02:00 [INF] MRA EIS POST "https://dev-eis-api.mra.mw/api/v1/utilities/ping"
2026-08-13 07:13:38.468 +02:00 [INF] MRA POST /api/v1/utilities/ping status=200 success=true durationMs=31
2026-08-13 07:13:38.470 +02:00 [INF] ART Diagnostic MraConnectivity MraEis 34 1: MRA ping ok in 34 ms.
2026-08-13 07:13:38.513 +02:00 [INF] MRA EIS POST "https://dev-eis-api.mra.mw/api/v1/utilities/ping"
2026-08-13 07:13:38.557 +02:00 [INF] MRA POST /api/v1/utilities/ping status=200 success=true durationMs=47
2026-08-13 07:13:38.562 +02:00 [INF] MRA connectivity restored — waking offline sync worker.
2026-08-13 07:13:38.563 +02:00 [INF] ART Diagnostic HealthCheck HealthCheckWorker 1 null: All subsystems healthy (SQL 1 ms, disk 121.73 GB free).
2026-08-13 07:13:38.608 +02:00 [INF] MRA EIS POST "https://dev-eis-api.mra.mw/api/v1/utilities/ping"
2026-08-13 07:13:38.644 +02:00 [INF] MRA POST /api/v1/utilities/ping status=200 success=true durationMs=31
2026-08-13 07:13:38.649 +02:00 [INF] MRA connectivity restored — waking offline sync worker.
2026-08-13 07:13:38.694 +02:00 [INF] ART Diagnostic WorkerHeartbeat SystemHealthMonitorService null null: All monitored subsystems healthy.
2026-08-13 07:13:52.537 +02:00 [INF] MRA EIS POST "https://dev-eis-api.mra.mw/api/v1/utilities/ping"
2026-08-13 07:13:52.575 +02:00 [INF] MRA POST /api/v1/utilities/ping status=200 success=true durationMs=31
2026-08-13 07:13:52.595 +02:00 [INF] MRA connectivity restored — waking offline sync worker.
2026-08-13 07:14:01.508 +02:00 [INF] ART Diagnostic DatabaseLatency SqlExpress 1 null: Performance profile sample (FPS 0.0)
2026-08-13 07:14:12.542 +02:00 [INF] MRA EIS POST "https://dev-eis-api.mra.mw/api/v1/utilities/ping"
2026-08-13 07:14:12.574 +02:00 [INF] MRA POST /api/v1/utilities/ping status=200 success=true durationMs=47
2026-08-13 07:14:12.595 +02:00 [INF] MRA connectivity restored — waking offline sync worker.
2026-08-13 07:14:23.244 +02:00 [INF] ART Diagnostic WorkerHeartbeat HealthCheckWorker null null: Heartbeat
2026-08-13 07:14:23.705 +02:00 [INF] ART Diagnostic DatabaseLatency SqlExpress 1 null: SQL round-trip 1 ms
2026-08-13 07:14:24.153 +02:00 [INF] ART Diagnostic DatabaseLatency SqlExpress 1 null: SQL round-trip 1 ms
2026-08-13 07:14:24.163 +02:00 [INF] MRA EIS POST "https://dev-eis-api.mra.mw/api/v1/utilities/ping"
2026-08-13 07:14:24.163 +02:00 [INF] MRA EIS POST "https://dev-eis-api.mra.mw/api/v1/utilities/ping"
2026-08-13 07:14:24.208 +02:00 [INF] MRA POST /api/v1/utilities/ping status=200 success=true durationMs=47
2026-08-13 07:14:24.218 +02:00 [INF] ART Diagnostic MraConnectivity MraEis 54 1: MRA ping ok in 54 ms.
2026-08-13 07:14:24.272 +02:00 [INF] MRA POST /api/v1/utilities/ping status=200 success=true durationMs=109
2026-08-13 07:14:24.276 +02:00 [INF] ART Diagnostic MraConnectivity MraEis 113 1: MRA ping ok in 113 ms.
2026-08-13 07:14:24.280 +02:00 [INF] ART Diagnostic HealthCheck HealthCheckWorker 1 null: All subsystems healthy (SQL 1 ms, disk 121.73 GB free).
2026-08-13 07:14:24.298 +02:00 [INF] MRA EIS POST "https://dev-eis-api.mra.mw/api/v1/utilities/ping"
2026-08-13 07:14:24.334 +02:00 [INF] MRA POST /api/v1/utilities/ping status=200 success=true durationMs=32
2026-08-13 07:14:24.346 +02:00 [INF] MRA connectivity restored — waking offline sync worker.
2026-08-13 07:14:24.346 +02:00 [INF] ART Diagnostic HealthCheck HealthCheckWorker 1 null: All subsystems healthy (SQL 1 ms, disk 121.73 GB free).
2026-08-13 07:14:24.390 +02:00 [INF] MRA EIS POST "https://dev-eis-api.mra.mw/api/v1/utilities/ping"
2026-08-13 07:14:24.434 +02:00 [INF] MRA POST /api/v1/utilities/ping status=200 success=true durationMs=31
2026-08-13 07:14:24.446 +02:00 [INF] MRA connectivity restored — waking offline sync worker.
2026-08-13 07:14:24.484 +02:00 [INF] ART Diagnostic WorkerHeartbeat SystemHealthMonitorService null null: All monitored subsystems healthy.
2026-08-13 07:14:31.488 +02:00 [INF] Inventory alert scan complete: 109 products, low=1, stockout=0, overstock=0, fast=0.
2026-08-13 07:14:31.606 +02:00 [INF] ART Diagnostic DatabaseLatency SqlExpress 1 null: Performance profile sample (FPS 0.0)
2026-08-13 07:14:32.530 +02:00 [INF] MRA EIS POST "https://dev-eis-api.mra.mw/api/v1/utilities/ping"
2026-08-13 07:14:32.589 +02:00 [INF] MRA POST /api/v1/utilities/ping status=200 success=true durationMs=62
2026-08-13 07:14:32.593 +02:00 [INF] MRA connectivity restored — waking offline sync worker.
2026-08-13 07:14:52.560 +02:00 [INF] MRA EIS POST "https://dev-eis-api.mra.mw/api/v1/utilities/ping"
2026-08-13 07:14:52.634 +02:00 [INF] MRA POST /api/v1/utilities/ping status=200 success=true durationMs=94
2026-08-13 07:14:52.650 +02:00 [INF] MRA connectivity restored — waking offline sync worker.
2026-08-13 07:15:01.661 +02:00 [INF] ART Diagnostic DatabaseLatency SqlExpress 1 null: Performance profile sample (FPS 0.0)
2026-08-13 07:15:07.662 +02:00 [INF] MRA EIS POST "https://dev-eis-api.mra.mw/api/v1/sales/last-submitted-offline-transaction"
2026-08-13 07:15:08.174 +02:00 [INF] MRA POST /api/v1/sales/last-submitted-offline-transaction status=200 success=true durationMs=515
2026-08-13 07:15:08.178 +02:00 [WRN] Unable to query last-submitted-offline-transaction for sequence check.
PointOfSale.Mra.Http.MraApiException: Invalid MRA EIS response JSON.
 ---> System.Text.Json.JsonException: The JSON value could not be converted to System.Decimal. Path: $.data.invoiceSummary.amountTendered | LineNumber: 0 | BytePositionInLine: 1385.
 ---> System.InvalidOperationException: Cannot get the value of a token type 'Null' as a number.
   at System.Text.Json.ThrowHelper.ThrowInvalidOperationException_ExpectedNumber(JsonTokenType tokenType)
   at System.Text.Json.Utf8JsonReader.TryGetDecimal(Decimal& value)
   at System.Text.Json.Serialization.Converters.DecimalConverter.ReadNumberWithCustomHandling(Utf8JsonReader& reader, JsonNumberHandling handling, JsonSerializerOptions options)
   at System.Text.Json.Serialization.JsonConverter`1.TryRead(Utf8JsonReader& reader, Type typeToConvert, JsonSerializerOptions options, ReadStack& state, T& value, Boolean& isPopulatedValue)
   at System.Text.Json.Serialization.Metadata.JsonPropertyInfo`1.ReadJsonAndSetMember(Object obj, ReadStack& state, Utf8JsonReader& reader)
   at System.Text.Json.Serialization.Converters.ObjectDefaultConverter`1.OnTryRead(Utf8JsonReader& reader, Type typeToConvert, JsonSerializerOptions options, ReadStack& state, T& value)
   at System.Text.Json.Serialization.JsonConverter`1.TryRead(Utf8JsonReader& reader, Type typeToConvert, JsonSerializerOptions options, ReadStack& state, T& value, Boolean& isPopulatedValue)
   at System.Text.Json.Serialization.Metadata.JsonPropertyInfo`1.ReadJsonAndSetMember(Object obj, ReadStack& state, Utf8JsonReader& reader)
   at System.Text.Json.Serialization.Converters.ObjectDefaultConverter`1.OnTryRead(Utf8JsonReader& reader, Type typeToConvert, JsonSerializerOptions options, ReadStack& state, T& value)
   at System.Text.Json.Serialization.JsonConverter`1.TryRead(Utf8JsonReader& reader, Type typeToConvert, JsonSerializerOptions options, ReadStack& state, T& value, Boolean& isPopulatedValue)
   at System.Text.Json.Serialization.Metadata.JsonPropertyInfo`1.ReadJsonAndSetMember(Object obj, ReadStack& state, Utf8JsonReader& reader)
   at System.Text.Json.Serialization.Converters.ObjectDefaultConverter`1.OnTryRead(Utf8JsonReader& reader, Type typeToConvert, JsonSerializerOptions options, ReadStack& state, T& value)
   at System.Text.Json.Serialization.JsonConverter`1.TryRead(Utf8JsonReader& reader, Type typeToConvert, JsonSerializerOptions options, ReadStack& state, T& value, Boolean& isPopulatedValue)
   at System.Text.Json.Serialization.JsonConverter`1.ReadCore(Utf8JsonReader& reader, JsonSerializerOptions options, ReadStack& state)
   --- End of inner exception stack trace ---
   at System.Text.Json.ThrowHelper.ReThrowWithPath(ReadStack& state, Utf8JsonReader& reader, Exception ex)
   at System.Text.Json.Serialization.JsonConverter`1.ReadCore(Utf8JsonReader& reader, JsonSerializerOptions options, ReadStack& state)
   at System.Text.Json.JsonSerializer.ReadFromSpan[TValue](ReadOnlySpan`1 json, JsonTypeInfo`1 jsonTypeInfo)
   at System.Text.Json.JsonSerializer.Deserialize[TValue](String json, JsonSerializerOptions options)
   at PointOfSale.Infrastructure.Services.MraApiClient.SendAsync[TResponse](HttpRequestMessage request, String auditRequestBody, CancellationToken cancellationToken) in C:\Users\alber\OneDrive\Documents\Point Of Sale\src\PointOfSale.Infrastructure\Services\MraApiClient.cs:line 309
   --- End of inner exception stack trace ---
   at PointOfSale.Infrastructure.Services.MraApiClient.SendAsync[TResponse](HttpRequestMessage request, String auditRequestBody, CancellationToken cancellationToken) in C:\Users\alber\OneDrive\Documents\Point Of Sale\src\PointOfSale.Infrastructure\Services\MraApiClient.cs:line 323
   at PointOfSale.Infrastructure.Services.MraApiClient.PostEmptyAsync[TResponse](String relativePath, MraRequestContext context, CancellationToken cancellationToken) in C:\Users\alber\OneDrive\Documents\Point Of Sale\src\PointOfSale.Infrastructure\Services\MraApiClient.cs:line 249
   at PointOfSale.Infrastructure.Services.SalesTransactionService.GetLastSubmittedTransactionAsync(String relativePath, String channelLabel, CancellationToken cancellationToken) in C:\Users\alber\OneDrive\Documents\Point Of Sale\src\PointOfSale.Infrastructure\Services\SalesTransactionService.cs:line 86
   at PointOfSale.Infrastructure.Services.SalesTransactionService.VerifySequenceContinuityAsync(Func`2 lookupFactory, String channelLabel, CancellationToken cancellationToken) in C:\Users\alber\OneDrive\Documents\Point Of Sale\src\PointOfSale.Infrastructure\Services\SalesTransactionService.cs:line 153
2026-08-13 07:15:09.300 +02:00 [INF] ART Diagnostic WorkerHeartbeat HealthCheckWorker null null: Heartbeat
2026-08-13 07:15:09.303 +02:00 [INF] ART Diagnostic DatabaseLatency SqlExpress 0 null: SQL round-trip 0 ms
2026-08-13 07:15:09.308 +02:00 [INF] MRA EIS POST "https://dev-eis-api.mra.mw/api/v1/utilities/ping"
2026-08-13 07:15:09.395 +02:00 [INF] MRA POST /api/v1/utilities/ping status=200 success=true durationMs=78
2026-08-13 07:15:09.399 +02:00 [INF] ART Diagnostic MraConnectivity MraEis 91 1: MRA ping ok in 91 ms.
2026-08-13 07:15:09.442 +02:00 [INF] MRA EIS POST "https://dev-eis-api.mra.mw/api/v1/utilities/ping"
2026-08-13 07:15:09.485 +02:00 [INF] MRA POST /api/v1/utilities/ping status=200 success=true durationMs=47
2026-08-13 07:15:09.489 +02:00 [INF] MRA connectivity restored — waking offline sync worker.
2026-08-13 07:15:09.489 +02:00 [INF] ART Diagnostic HealthCheck HealthCheckWorker 0 null: All subsystems healthy (SQL 0 ms, disk 122.68 GB free).
2026-08-13 07:15:09.497 +02:00 [INF] ART Diagnostic DatabaseLatency SqlExpress 0 null: SQL round-trip 0 ms
2026-08-13 07:15:09.503 +02:00 [INF] MRA EIS POST "https://dev-eis-api.mra.mw/api/v1/utilities/ping"
2026-08-13 07:15:09.537 +02:00 [INF] MRA POST /api/v1/utilities/ping status=200 success=true durationMs=32
2026-08-13 07:15:09.542 +02:00 [INF] ART Diagnostic MraConnectivity MraEis 39 1: MRA ping ok in 39 ms.
2026-08-13 07:15:09.583 +02:00 [INF] MRA EIS POST "https://dev-eis-api.mra.mw/api/v1/utilities/ping"
2026-08-13 07:15:09.613 +02:00 [INF] MRA POST /api/v1/utilities/ping status=200 success=true durationMs=31
2026-08-13 07:15:09.617 +02:00 [INF] MRA connectivity restored — waking offline sync worker.
2026-08-13 07:15:09.618 +02:00 [INF] ART Diagnostic HealthCheck HealthCheckWorker 0 null: All subsystems healthy (SQL 0 ms, disk 122.67 GB free).
2026-08-13 07:15:09.672 +02:00 [INF] MRA EIS POST "https://dev-eis-api.mra.mw/api/v1/utilities/ping"
2026-08-13 07:15:09.744 +02:00 [INF] MRA POST /api/v1/utilities/ping status=200 success=true durationMs=63
2026-08-13 07:15:09.749 +02:00 [INF] MRA connectivity restored — waking offline sync worker.
2026-08-13 07:15:09.792 +02:00 [INF] ART Diagnostic WorkerHeartbeat SystemHealthMonitorService null null: All monitored subsystems healthy.
2026-08-13 07:15:12.553 +02:00 [INF] MRA EIS POST "https://dev-eis-api.mra.mw/api/v1/utilities/ping"
2026-08-13 07:15:12.585 +02:00 [INF] MRA POST /api/v1/utilities/ping status=200 success=true durationMs=32
2026-08-13 07:15:12.589 +02:00 [INF] MRA connectivity restored — waking offline sync worker.
2026-08-13 07:15:31.570 +02:00 [INF] Inventory alert scan complete: 109 products, low=1, stockout=0, overstock=0, fast=0.
2026-08-13 07:15:31.753 +02:00 [INF] ART Diagnostic DatabaseLatency SqlExpress 1 null: Performance profile sample (FPS 0.0)
2026-08-13 07:15:32.553 +02:00 [INF] MRA EIS POST "https://dev-eis-api.mra.mw/api/v1/utilities/ping"
2026-08-13 07:15:32.599 +02:00 [INF] MRA POST /api/v1/utilities/ping status=200 success=true durationMs=47
2026-08-13 07:15:32.627 +02:00 [INF] MRA connectivity restored — waking offline sync worker.
2026-08-13 07:15:52.541 +02:00 [INF] MRA EIS POST "https://dev-eis-api.mra.mw/api/v1/utilities/ping"
2026-08-13 07:15:52.588 +02:00 [INF] MRA POST /api/v1/utilities/ping status=200 success=true durationMs=47
2026-08-13 07:15:52.616 +02:00 [INF] MRA connectivity restored — waking offline sync worker.
2026-08-13 07:15:54.507 +02:00 [INF] ART Diagnostic WorkerHeartbeat HealthCheckWorker null null: Heartbeat
2026-08-13 07:15:54.527 +02:00 [INF] ART Diagnostic DatabaseLatency SqlExpress 1 null: SQL round-trip 1 ms
2026-08-13 07:15:54.531 +02:00 [INF] MRA EIS POST "https://dev-eis-api.mra.mw/api/v1/utilities/ping"
2026-08-13 07:15:54.563 +02:00 [INF] MRA POST /api/v1/utilities/ping status=200 success=true durationMs=31
2026-08-13 07:15:54.566 +02:00 [INF] ART Diagnostic MraConnectivity MraEis 35 1: MRA ping ok in 35 ms.
2026-08-13 07:15:54.611 +02:00 [INF] MRA EIS POST "https://dev-eis-api.mra.mw/api/v1/utilities/ping"
2026-08-13 07:15:54.643 +02:00 [INF] MRA POST /api/v1/utilities/ping status=200 success=true durationMs=31
2026-08-13 07:15:54.662 +02:00 [INF] MRA connectivity restored — waking offline sync worker.
2026-08-13 07:15:54.662 +02:00 [INF] ART Diagnostic HealthCheck HealthCheckWorker 1 null: All subsystems healthy (SQL 1 ms, disk 122.66 GB free).
2026-08-13 07:15:54.798 +02:00 [INF] ART Diagnostic DatabaseLatency SqlExpress 1 null: SQL round-trip 1 ms
2026-08-13 07:15:54.819 +02:00 [INF] MRA EIS POST "https://dev-eis-api.mra.mw/api/v1/utilities/ping"
2026-08-13 07:15:54.851 +02:00 [INF] MRA POST /api/v1/utilities/ping status=200 success=true durationMs=31
2026-08-13 07:15:54.856 +02:00 [INF] ART Diagnostic MraConnectivity MraEis 36 1: MRA ping ok in 36 ms.
2026-08-13 07:15:54.897 +02:00 [INF] MRA EIS POST "https://dev-eis-api.mra.mw/api/v1/utilities/ping"
2026-08-13 07:15:54.934 +02:00 [INF] MRA POST /api/v1/utilities/ping status=200 success=true durationMs=31
2026-08-13 07:15:54.939 +02:00 [INF] MRA connectivity restored — waking offline sync worker.
2026-08-13 07:15:54.939 +02:00 [INF] ART Diagnostic HealthCheck HealthCheckWorker 1 null: All subsystems healthy (SQL 1 ms, disk 122.66 GB free).
2026-08-13 07:15:54.979 +02:00 [INF] MRA EIS POST "https://dev-eis-api.mra.mw/api/v1/utilities/ping"
2026-08-13 07:15:55.008 +02:00 [INF] MRA POST /api/v1/utilities/ping status=200 success=true durationMs=15
2026-08-13 07:15:55.011 +02:00 [INF] MRA connectivity restored — waking offline sync worker.
2026-08-13 07:15:55.045 +02:00 [INF] ART Diagnostic WorkerHeartbeat SystemHealthMonitorService null null: All monitored subsystems healthy.
2026-08-13 07:16:01.824 +02:00 [INF] ART Diagnostic DatabaseLatency SqlExpress 1 null: Performance profile sample (FPS 0.0)
2026-08-13 07:16:12.614 +02:00 [INF] MRA EIS POST "https://dev-eis-api.mra.mw/api/v1/utilities/ping"
2026-08-13 07:16:12.661 +02:00 [INF] MRA POST /api/v1/utilities/ping status=200 success=true durationMs=47
2026-08-13 07:16:12.670 +02:00 [INF] MRA connectivity restored — waking offline sync worker.
2026-08-13 07:16:20.735 +02:00 [INF] Hardware fault-tolerance loop stopped.
